// Jest Snapshot v1, https://goo.gl/fbAQLP

exports[`MyName should provide user info to MyNameDisplay 1`] = `
<MyNameDisplay
  dispatch={[Function]}
  info="the user information"
  store={
    Object {
      "clearActions": [Function],
      "dispatch": [Function],
      "getActions": [Function],
      "getState": [Function],
      "replaceReducer": [Function],
      "subscribe": [Function],
    }
  }
/>
`;
