// Jest Snapshot v1, https://goo.gl/fbAQLP

exports[`ChatInput should provide messageEdition, conversationId and callbacks to ChatInputDisplay 1`] = `
<ChatInputDisplay
  conversationId="the conversationId"
  messageEdition="the messageEdition"
  sendMessage={[Function]}
  store={
    Object {
      "clearActions": [Function],
      "dispatch": [Function],
      "getActions": [Function],
      "getState": [Function],
      "replaceReducer": [Function],
      "subscribe": [Function],
    }
  }
  updateMessageEdition={[Function]}
/>
`;
