// Jest Snapshot v1, https://goo.gl/fbAQLP

exports[`MyConversationsButton should provide showConversationList function to ShowContactsButton 1`] = `
<ShowConversationsButton
  showConversationList={[Function]}
  store={
    Object {
      "clearActions": [Function],
      "dispatch": [Function],
      "getActions": [Function],
      "getState": [Function],
      "replaceReducer": [Function],
      "subscribe": [Function],
    }
  }
  unseenMessages="nb unseen messages"
/>
`;
