// Jest Snapshot v1, https://goo.gl/fbAQLP

exports[`MyConversations should provide the status, conversation list to ConversationList 1`] = `
<ConversationList
  dispatch={[Function]}
  list="the conversation list"
  status="the status"
  store={
    Object {
      "clearActions": [Function],
      "dispatch": [Function],
      "getActions": [Function],
      "getState": [Function],
      "replaceReducer": [Function],
      "subscribe": [Function],
    }
  }
/>
`;
