// Jest Snapshot v1, https://goo.gl/fbAQLP

exports[`ShowConversationsButton should display a show conversation button... 1`] = `
<WithStyles(ForwardRef(IconButton))
  aria-label="contacts"
  onClick={[MockFunction]}
>
  <WithStyles(ForwardRef(Badge))
    anchorOrigin={
      Object {
        "horizontal": "left",
        "vertical": "top",
      }
    }
    badgeContent="nb unseen messages"
    color="error"
  >
    <ForumIcon
      fontSize="large"
    />
  </WithStyles(ForwardRef(Badge))>
</WithStyles(ForwardRef(IconButton))>
`;
